// Jest Snapshot v1, https://goo.gl/fbAQLP

exports[`User component should render correctly when data is fetching 1`] = `
<Styled(LoadingSpinner)
  customClassName="user-loading-spinner"
/>
`;

exports[`User component should render correctly when some error 1`] = `
<styled.div>
  Some error occurred. Please try again later.
</styled.div>
`;

exports[`User component should render correctly when no error and data fetching is done 1`] = `
<UserView
  userDetails={Object {}}
/>
`;
